MPLINK 5.08, LINKER
Linker Map File - Created Mon Apr 22 10:46:13 2019

                                 Section Info
                  Section       Type    Address   Location Size(Bytes)
                ---------  ---------  ---------  ---------  ---------
                   .org_0       code   0x000000    program   0x000004
                   .cinit    romdata   0x000004    program   0x000002
                   .org_1       code   0x000008    program   0x00000e
                   .org_2       code   0x000100    program   0x00001e
.config_300001_BUILD/DEFAULT/PRODUCTION/PISCALE    romdata   0x300001    program   0x000001
.config_300002_BUILD/DEFAULT/PRODUCTION/PISCALE    romdata   0x300002    program   0x000001
.config_300003_BUILD/DEFAULT/PRODUCTION/PISCALE    romdata   0x300003    program   0x000001
.config_300005_BUILD/DEFAULT/PRODUCTION/PISCALE    romdata   0x300005    program   0x000001
.config_300006_BUILD/DEFAULT/PRODUCTION/PISCALE    romdata   0x300006    program   0x000001



                              Program Memory Usage 
                               Start         End      
                           ---------   ---------      
                            0x000000    0x000005      
                            0x000008    0x000015      
                            0x000100    0x00011d      
                            0x300001    0x300003      
                            0x300005    0x300006      
            55 out of 33048 program addresses used, program memory utilization is 0%



                              Symbols - Sorted by Name
                     Name    Address   Location    Storage File                     
                ---------  ---------  ---------  --------- ---------                
                CLEAR_LED   0x000012    program     static C:\Users\Aluno\Desktop\ra94007\PiscaLed.X\PiscaLed.asm
                  FIM_INT   0x000014    program     static C:\Users\Aluno\Desktop\ra94007\PiscaLed.X\PiscaLed.asm
                   INICIO   0x000100    program     static C:\Users\Aluno\Desktop\ra94007\PiscaLed.X\PiscaLed.asm
                   REPETE   0x00011c    program     static C:\Users\Aluno\Desktop\ra94007\PiscaLed.X\PiscaLed.asm
                  SET_LED   0x00000e    program     static C:\Users\Aluno\Desktop\ra94007\PiscaLed.X\PiscaLed.asm
                TRATA_INT   0x000008    program     static C:\Users\Aluno\Desktop\ra94007\PiscaLed.X\PiscaLed.asm



                              Symbols - Sorted by Address
                     Name    Address   Location    Storage File                     
                ---------  ---------  ---------  --------- ---------                
                TRATA_INT   0x000008    program     static C:\Users\Aluno\Desktop\ra94007\PiscaLed.X\PiscaLed.asm
                  SET_LED   0x00000e    program     static C:\Users\Aluno\Desktop\ra94007\PiscaLed.X\PiscaLed.asm
                CLEAR_LED   0x000012    program     static C:\Users\Aluno\Desktop\ra94007\PiscaLed.X\PiscaLed.asm
                  FIM_INT   0x000014    program     static C:\Users\Aluno\Desktop\ra94007\PiscaLed.X\PiscaLed.asm
                   INICIO   0x000100    program     static C:\Users\Aluno\Desktop\ra94007\PiscaLed.X\PiscaLed.asm
                   REPETE   0x00011c    program     static C:\Users\Aluno\Desktop\ra94007\PiscaLed.X\PiscaLed.asm


