MPLINK 5.08, LINKER
Linker Map File - Created Mon Apr 15 11:16:58 2019

                                 Section Info
                  Section       Type    Address   Location Size(Bytes)
                ---------  ---------  ---------  ---------  ---------
                   .org_0       code   0x000000    program   0x000004
                   .cinit    romdata   0x000004    program   0x000002
                   .org_1       code   0x000100    program   0x000012
                   .org_2       code   0x001000    program   0x0000fa
.config_300001_BUILD/DEFAULT/PRODUCTION/DALB123    romdata   0x300001    program   0x000001
.config_300002_BUILD/DEFAULT/PRODUCTION/DALB123    romdata   0x300002    program   0x000001
.config_300003_BUILD/DEFAULT/PRODUCTION/DALB123    romdata   0x300003    program   0x000001
.config_300005_BUILD/DEFAULT/PRODUCTION/DALB123    romdata   0x300005    program   0x000001
.config_300006_BUILD/DEFAULT/PRODUCTION/DALB123    romdata   0x300006    program   0x000001



                              Program Memory Usage 
                               Start         End      
                           ---------   ---------      
                            0x000000    0x000005      
                            0x000100    0x000111      
                            0x001000    0x0010f9      
                            0x300001    0x300003      
                            0x300005    0x300006      
            279 out of 33048 program addresses used, program memory utilization is 0%



                              Symbols - Sorted by Name
                     Name    Address   Location    Storage File                     
                ---------  ---------  ---------  --------- ---------                
                    DELAY   0x000100    program     static C:\Users\Aluno\Desktop\ra94007\Dalb1234.X\Dalb1234.asm
                      DL0   0x000108    program     static C:\Users\Aluno\Desktop\ra94007\Dalb1234.X\Dalb1234.asm
                      DL1   0x000104    program     static C:\Users\Aluno\Desktop\ra94007\Dalb1234.X\Dalb1234.asm
                   INICIO   0x001000    program     static C:\Users\Aluno\Desktop\ra94007\Dalb1234.X\Dalb1234.asm
                  REPETE1   0x00101c    program     static C:\Users\Aluno\Desktop\ra94007\Dalb1234.X\Dalb1234.asm
                  REPETE2   0x001054    program     static C:\Users\Aluno\Desktop\ra94007\Dalb1234.X\Dalb1234.asm
                  REPETE3   0x00108c    program     static C:\Users\Aluno\Desktop\ra94007\Dalb1234.X\Dalb1234.asm
                  REPETE4   0x0010c4    program     static C:\Users\Aluno\Desktop\ra94007\Dalb1234.X\Dalb1234.asm
                  REPETE_   0x001018    program     static C:\Users\Aluno\Desktop\ra94007\Dalb1234.X\Dalb1234.asm



                              Symbols - Sorted by Address
                     Name    Address   Location    Storage File                     
                ---------  ---------  ---------  --------- ---------                
                    DELAY   0x000100    program     static C:\Users\Aluno\Desktop\ra94007\Dalb1234.X\Dalb1234.asm
                      DL1   0x000104    program     static C:\Users\Aluno\Desktop\ra94007\Dalb1234.X\Dalb1234.asm
                      DL0   0x000108    program     static C:\Users\Aluno\Desktop\ra94007\Dalb1234.X\Dalb1234.asm
                   INICIO   0x001000    program     static C:\Users\Aluno\Desktop\ra94007\Dalb1234.X\Dalb1234.asm
                  REPETE_   0x001018    program     static C:\Users\Aluno\Desktop\ra94007\Dalb1234.X\Dalb1234.asm
                  REPETE1   0x00101c    program     static C:\Users\Aluno\Desktop\ra94007\Dalb1234.X\Dalb1234.asm
                  REPETE2   0x001054    program     static C:\Users\Aluno\Desktop\ra94007\Dalb1234.X\Dalb1234.asm
                  REPETE3   0x00108c    program     static C:\Users\Aluno\Desktop\ra94007\Dalb1234.X\Dalb1234.asm
                  REPETE4   0x0010c4    program     static C:\Users\Aluno\Desktop\ra94007\Dalb1234.X\Dalb1234.asm


