MPLINK 5.09, LINKER
Linker Map File - Created Mon Apr 22 02:21:55 2019

                                 Section Info
                  Section       Type    Address   Location Size(Bytes)
                ---------  ---------  ---------  ---------  ---------
                   .org_0       code   0x000000    program   0x000004
                   .cinit    romdata   0x000004    program   0x000002
                   .org_1       code   0x000008    program   0x000008
                   .org_2       code   0x000100    program   0x00003c
                   .org_3       code   0x000300    program   0x000024
.config_300001_BUILD/DEFAULT/PRODUCTION/VARREDI    romdata   0x300001    program   0x000001
.config_300002_BUILD/DEFAULT/PRODUCTION/VARREDI    romdata   0x300002    program   0x000001
.config_300003_BUILD/DEFAULT/PRODUCTION/VARREDI    romdata   0x300003    program   0x000001
.config_300005_BUILD/DEFAULT/PRODUCTION/VARREDI    romdata   0x300005    program   0x000001
.config_300006_BUILD/DEFAULT/PRODUCTION/VARREDI    romdata   0x300006    program   0x000001



                              Program Memory Usage 
                               Start         End      
                           ---------   ---------      
                            0x000000    0x000005      
                            0x000008    0x00000f      
                            0x000100    0x00013b      
                            0x000300    0x000323      
                            0x300001    0x300003      
                            0x300005    0x300006      
            115 out of 33048 program addresses used, program memory utilization is 0%



                              Symbols - Sorted by Name
                     Name    Address   Location    Storage File                     
                ---------  ---------  ---------  --------- ---------                
                    CASO1   0x000114    program     static C:\Microcontroladores\VarredInterrup.X\VarredInterrup.asm
                    CASO2   0x00011e    program     static C:\Microcontroladores\VarredInterrup.X\VarredInterrup.asm
                    CASO3   0x000128    program     static C:\Microcontroladores\VarredInterrup.X\VarredInterrup.asm
                    CASO4   0x000132    program     static C:\Microcontroladores\VarredInterrup.X\VarredInterrup.asm
                   INICIO   0x000300    program     static C:\Microcontroladores\VarredInterrup.X\VarredInterrup.asm
                INTERRUPT   0x000100    program     static C:\Microcontroladores\VarredInterrup.X\VarredInterrup.asm
                   REPETE   0x000322    program     static C:\Microcontroladores\VarredInterrup.X\VarredInterrup.asm



                              Symbols - Sorted by Address
                     Name    Address   Location    Storage File                     
                ---------  ---------  ---------  --------- ---------                
                INTERRUPT   0x000100    program     static C:\Microcontroladores\VarredInterrup.X\VarredInterrup.asm
                    CASO1   0x000114    program     static C:\Microcontroladores\VarredInterrup.X\VarredInterrup.asm
                    CASO2   0x00011e    program     static C:\Microcontroladores\VarredInterrup.X\VarredInterrup.asm
                    CASO3   0x000128    program     static C:\Microcontroladores\VarredInterrup.X\VarredInterrup.asm
                    CASO4   0x000132    program     static C:\Microcontroladores\VarredInterrup.X\VarredInterrup.asm
                   INICIO   0x000300    program     static C:\Microcontroladores\VarredInterrup.X\VarredInterrup.asm
                   REPETE   0x000322    program     static C:\Microcontroladores\VarredInterrup.X\VarredInterrup.asm


