Microchip MPLAB XC8 Compiler V1.41 ()

Linker command line:

-W-3 --edf=C:\Program Files (x86)\Microchip\xc8\v1.41\dat\en_msgs.txt -cs \
  -h+dist/default/production\trabalho2.X.production.sym \
  --cmf=dist/default/production\trabalho2.X.production.cmf -z -Q18F4520 \
  -oC:\Users\ALUNO~1.DEQ\AppData\Local\Temp\s1ls.2 \
  -Mdist/default/production/trabalho2.X.production.map -E1 -ver=XC8 \
  -ASTACK=080h-05ffh -pstack=STACK -ACODE=00h-07FFFh -ACONST=00h-07FFFh \
  -ASMALLCONST=0600h-06FFhx122 -AMEDIUMCONST=0600h-07FFFh -ACOMRAM=01h-07Fh \
  -AABS1=00h-05FFh -ABIGRAM=01h-05FFh -ARAM=080h-0FFh,0100h-01FFhx5 \
  -ABANK0=080h-0FFh -ABANK1=0100h-01FFh -ABANK2=0200h-02FFh \
  -ABANK3=0300h-03FFh -ABANK4=0400h-04FFh -ABANK5=0500h-05FFh \
  -ASFR=0F80h-0FFFh -preset_vec=00h,intcode=08h,intcodelo,powerup,init \
  -pramtop=0600h -psmallconst=SMALLCONST -pmediumconst=MEDIUMCONST \
  -pconst=CONST -AFARRAM=00h-00h -ACONFIG=0300000h-030000Dh -pconfig=CONFIG \
  -AIDLOC=0200000h-0200007h -pidloc=IDLOC -AEEDATA=0F00000h-0F000FFh \
  -peeprom_data=EEDATA \
  -prdata=COMRAM,nvrram=COMRAM,nvbit=COMRAM,rbss=COMRAM,rbit=COMRAM \
  -pfarbss=FARRAM,fardata=FARRAM,nvFARRAM=FARRAM \
  -pintsave_regs=BIGRAM,bigbss=BIGRAM,bigdata=BIGRAM -pbss=RAM \
  -pidata=CODE,irdata=CODE,ibigdata=CODE,ifardata=CODE -prparam=COMRAM \
  C:\Users\ALUNO~1.DEQ\AppData\Local\Temp\s1ls.obj \
  dist/default/production\trabalho2.X.production.obj 

Object code version is 3.11

Machine type is 18F4520

Call graph: (short form)




                Name                               Link     Load   Length Selector   Space Scale
C:\Users\ALUNO~1.DEQ\AppData\Local\Temp\s1ls.obj
                init                                  E        E        4        4       0
                reset_vec                             0        0        4        0       0
                idloc                            200000   200000        8   200000       0
                config                           300000   300000        E   300000       0
dist/default/production\trabalho2.X.production.obj
                intcode                               8        8        6        4       0
                temp                                 1A       1A        1        1       1
                smallconst                          600      600       2E      300       0
                intcode_body                        6BA      6BA       8C      317       0
                text7                               888      888       2C      317       0
                text6                               8B4      8B4       20      317       0
                text5                               8E8      8E8        E      317       0
                text4                               746      746       70      317       0
                text3                               7B6      7B6       50      317       0
                text2                               850      850       38      317       0
                text1                               806      806       4A      317       0
                text0                               62E      62E       8C      317       0
                cstackCOMRAM                          1        1       18        1       1
                bssCOMRAM                            19       19        1        1       1
                cinit                               8D4      8D4       14      317       0

TOTAL           Name                               Link     Load   Length     Space
        CLASS   STACK          

        CLASS   CODE           
                intcode                               8        8        6         0
                init                                  E        E        4         0
                reset_vec                             0        0        4         0
                intcode_body                        6BA      6BA       8C         0
                text7                               888      888       2C         0
                text6                               8B4      8B4       20         0
                text5                               8E8      8E8        E         0
                text4                               746      746       70         0
                text3                               7B6      7B6       50         0
                text2                               850      850       38         0
                text1                               806      806       4A         0
                text0                               62E      62E       8C         0
                cinit                               8D4      8D4       14         0

        CLASS   CONST          

        CLASS   SMALLCONST     
                smallconst                          600      600       2E         0

        CLASS   MEDIUMCONST    

        CLASS   COMRAM         
                temp                                 1A       1A        1         1
                cstackCOMRAM                          1        1       18         1
                bssCOMRAM                            19       19        1         1

        CLASS   ABS1           

        CLASS   BIGRAM         

        CLASS   RAM            

        CLASS   BANK0          

        CLASS   BANK1          

        CLASS   BANK2          

        CLASS   BANK3          

        CLASS   BANK4          

        CLASS   BANK5          

        CLASS   SFR            

        CLASS   FARRAM         

        CLASS   CONFIG         
                config                           300000   300000        E         0

        CLASS   IDLOC          
                idloc                            200000   200000        8         0

        CLASS   EEDATA         



SEGMENTS        Name                           Load    Length   Top    Selector   Space  Class

                reset_vec                      000000  000004  000004         0       0  CODE    
                cstackCOMRAM                   000001  00001A  00001B         1       1  COMRAM  
                intcode                        000008  00000A  000012         4       0  CODE    
                smallconst                     000600  00002E  00062E       300       0  SMALLCON
                text0                          00062E  0002C8  0008F6       317       0  CODE    
                idloc                          200000  000008  200008    200000       0  IDLOC   
                config                         300000  00000E  30000E    300000       0  CONFIG  


UNUSED ADDRESS RANGES

        Name                Unused          Largest block    Delta
        BANK0            000080-0000FF               80
        BANK1            000100-0001FF              100
        BANK2            000200-0002FF              100
        BANK3            000300-0003FF              100
        BANK4            000400-0004FF              100
        BANK5            000500-0005FF              100
        BIGRAM           00001B-0005FF              5E5
        CODE             000004-000007                4
                         000012-0005FF              5EE
                         0008F6-007FFF             770A
        COMRAM           00001B-00007F               65
        CONST            000004-000007                4
                         000012-0005FF              5EE
                         0008F6-007FFF             770A
        EEDATA           F00000-F000FF              100
        MEDIUMCONST      0008F6-007FFF             770A
        RAM              000080-0005FF              100
        SFR              000F80-000FFF               80
        SMALLCONST       0008F6-007FFF              100
        STACK            000080-0005FF              580

                                  Symbol Table

Lcd_Cmd@a                  cstackCOMRAM 000011
Lcd_Port@a                 cstackCOMRAM 00000F
Lcd_Set_Cursor@a           cstackCOMRAM 000013
Lcd_Set_Cursor@b           cstackCOMRAM 000012
Lcd_Set_Cursor@temp        cstackCOMRAM 000016
Lcd_Set_Cursor@y           cstackCOMRAM 000015
Lcd_Set_Cursor@z           cstackCOMRAM 000014
Lcd_Write_Char@a           cstackCOMRAM 000012
Lcd_Write_Char@temp        cstackCOMRAM 000010
Lcd_Write_Char@y           cstackCOMRAM 000011
Lcd_Write_String@a         cstackCOMRAM 000013
Lcd_Write_String@i         cstackCOMRAM 000017
_ADCON1                    (abs)        000FC1
_INTCONbits                (abs)        000FF2
_Lcd_Clear                 text5        0008E8
_Lcd_Cmd                   text6        0008B4
_Lcd_Init                  text4        000746
_Lcd_Port                  text7        000888
_Lcd_Set_Cursor            text3        0007B6
_Lcd_Write_Char            text2        000850
_Lcd_Write_String          text1        000806
_RD4                       (abs)        007C1C
_RD5                       (abs)        007C1D
_RD6                       (abs)        007C1E
_RD7                       (abs)        007C1F
_RE1                       (abs)        007C21
_RE2                       (abs)        007C22
_TRISB                     (abs)        000F93
_TRISD                     (abs)        000F95
_TRISE                     (abs)        000F96
__CFG_LVP$OFF              (abs)        000000
__CFG_MCLRE$OFF            (abs)        000000
__CFG_OSC$INTIO67          (abs)        000000
__CFG_PWRT$ON              (abs)        000000
__CFG_WDT$OFF              (abs)        000000
__HRAM                     (abs)        000000
__Habs1                    abs1         000000
__Hbank0                   bank0        000000
__Hbank1                   bank1        000000
__Hbank2                   bank2        000000
__Hbank3                   bank3        000000
__Hbank4                   bank4        000000
__Hbank5                   bank5        000000
__Hbigbss                  bigbss       000000
__Hbigdata                 bigdata      000000
__Hbigram                  bigram       000000
__Hbss                     bss          000000
__HbssCOMRAM               bssCOMRAM    000000
__Hcinit                   cinit        000000
__Hclrtext                 clrtext      000000
__Hcomram                  comram       000000
__Hconfig                  config       30000E
__Hconst                   const        000000
__HcstackCOMRAM            cstackCOMRAM 000000
__Hdata                    data         000000
__Heeprom_data             eeprom_data  000000
__Hfarbss                  farbss       000000
__Hfardata                 fardata      000000
__Hibigdata                ibigdata     000000
__Hidata                   idata        000000
__Hidloc                   idloc        200008
__Hifardata                ifardata     000000
__Hinit                    init         000012
__Hintcode                 intcode      00000E
__Hintcode_body            intcode_body 000000
__Hintcodelo               intcodelo    00000E
__Hintentry                intentry     000000
__Hintret                  intret       000000
__Hintsave_regs            intsave_regs 000000
__Hirdata                  irdata       000000
__Hmediumconst             mediumconst  000000
__HnvFARRAM                nvFARRAM     000000
__Hnvbit                   nvbit        000000
__Hnvrram                  nvrram       000000
__Hparam                   rparam       000000
__Hpowerup                 powerup      00000E
__Hram                     ram          000000
__Hramtop                  ramtop       000600
__Hrbit                    rbit         000000
__Hrbss                    rbss         000000
__Hrdata                   rdata        000000
__Hreset_vec               reset_vec    000004
__Hrparam                  rparam       000000
__Hsfr                     sfr          000000
__Hsmallconst              smallconst   00062E
__Hspace_0                 (abs)        30000E
__Hspace_1                 (abs)        00001B
__Hspace_2                 (abs)        000000
__Hstack                   stack        000000
__Hstruct                  struct       000000
__Htemp                    temp         00001B
__Htext                    text         000000
__Htext0                   text0        000000
__Htext1                   text1        000000
__Htext2                   text2        000000
__Htext3                   text3        000000
__Htext4                   text4        000000
__Htext5                   text5        000000
__Htext6                   text6        000000
__Htext7                   text7        000000
__LRAM                     (abs)        000001
__Labs1                    abs1         000000
__Lbank0                   bank0        000000
__Lbank1                   bank1        000000
__Lbank2                   bank2        000000
__Lbank3                   bank3        000000
__Lbank4                   bank4        000000
__Lbank5                   bank5        000000
__Lbigbss                  bigbss       000000
__Lbigdata                 bigdata      000000
__Lbigram                  bigram       000000
__Lbss                     bss          000000
__LbssCOMRAM               bssCOMRAM    000000
__Lcinit                   cinit        000000
__Lclrtext                 clrtext      000000
__Lcomram                  comram       000000
__Lconfig                  config       300000
__Lconst                   const        000000
__LcstackCOMRAM            cstackCOMRAM 000000
__Ldata                    data         000000
__Leeprom_data             eeprom_data  000000
__Lfarbss                  farbss       000000
__Lfardata                 fardata      000000
__Libigdata                ibigdata     000000
__Lidata                   idata        000000
__Lidloc                   idloc        200000
__Lifardata                ifardata     000000
__Linit                    init         00000E
__Lintcode                 intcode      000008
__Lintcode_body            intcode_body 000000
__Lintcodelo               intcodelo    00000E
__Lintentry                intentry     000000
__Lintret                  intret       000000
__Lintsave_regs            intsave_regs 000000
__Lirdata                  irdata       000000
__Lmediumconst             mediumconst  000000
__LnvFARRAM                nvFARRAM     000000
__Lnvbit                   nvbit        000000
__Lnvrram                  nvrram       000000
__Lparam                   rparam       000000
__Lpowerup                 powerup      00000E
__Lram                     ram          000000
__Lramtop                  ramtop       000600
__Lrbit                    rbit         000000
__Lrbss                    rbss         000000
__Lrdata                   rdata        000000
__Lreset_vec               reset_vec    000000
__Lrparam                  rparam       000000
__Lsfr                     sfr          000000
__Lsmallconst              smallconst   000600
__Lspace_0                 (abs)        000000
__Lspace_1                 (abs)        000000
__Lspace_2                 (abs)        000000
__Lstack                   stack        000000
__Lstruct                  struct       000000
__Ltemp                    temp         00001A
__Ltext                    text         000000
__Ltext0                   text0        000000
__Ltext1                   text1        000000
__Ltext2                   text2        000000
__Ltext3                   text3        000000
__Ltext4                   text4        000000
__Ltext5                   text5        000000
__Ltext6                   text6        000000
__Ltext7                   text7        000000
__S0                       (abs)        30000E
__S1                       (abs)        00001B
__S2                       (abs)        000000
___inthi_sp                stack        000000
___intlo_sp                stack        000000
___param_bank              (abs)        000000
___rparam_used             (abs)        000001
___sp                      stack        000000
__accesstop                (abs)        000080
__activetblptr             (abs)        000001
__end_of_Lcd_Clear         text5        0008F6
__end_of_Lcd_Cmd           text6        0008D4
__end_of_Lcd_Init          text4        0007B6
__end_of_Lcd_Port          text7        0008B4
__end_of_Lcd_Set_Cursor    text3        000806
__end_of_Lcd_Write_Char    text2        000888
__end_of_Lcd_Write_String  text1        000850
__end_of__initialization   cinit        0008D6
__end_of_isr               intcode_body 000746
__end_of_main              text0        0006BA
__initialization           cinit        0008D4
__mediumconst              mediumconst  000000
__pbssCOMRAM               bssCOMRAM    000019
__pcinit                   cinit        0008D4
__pcstackCOMRAM            cstackCOMRAM 000001
__pintcode                 intcode      000008
__pintcode_body            intcode_body 0006BA
__psmallconst              smallconst   000600
__ptext0                   text0        00062E
__ptext1                   text1        000806
__ptext2                   text2        000850
__ptext3                   text3        0007B6
__ptext4                   text4        000746
__ptext5                   text5        0008E8
__ptext6                   text6        0008B4
__ptext7                   text7        000888
__ramtop                   ramtop       000600
__size_of_Lcd_Clear        (abs)        000000
__size_of_Lcd_Cmd          (abs)        000000
__size_of_Lcd_Init         (abs)        000000
__size_of_Lcd_Port         (abs)        000000
__size_of_Lcd_Set_Cursor   (abs)        000000
__size_of_Lcd_Write_Char   (abs)        000000
__size_of_Lcd_Write_String (abs)        000000
__size_of_isr              (abs)        000000
__size_of_main             (abs)        000000
__smallconst               smallconst   000600
_isr                       intcode      000008
_main                      text0        00062E
_op                        bssCOMRAM    000019
btemp                      temp         00001A
end_of_initialization      cinit        0008D6
int$flags                  temp         00001A
int_func                   intcode_body 0006BA
intlevel0                  text         000000
intlevel1                  text         000000
intlevel2                  text         000000
intlevel3                  text         000000
stackhi                    (abs)        0005FF
stacklo                    (abs)        000080
start                      init         00000E
start_initialization       cinit        0008D4


FUNCTION INFORMATION:

 *************** function _main *****************
 Defined at:
		line 36 in file "trabalho2.c"
 Parameters:    Size  Location     Type
		None
 Auto vars:     Size  Location     Type
		None
 Return value:  Size  Location     Type
                  2   73[None  ] int 
 Registers used:
		wreg, status,2, status,0, tblptrl, tblptrh, tblptru, cstack
 Tracked objects:
		On entry : 
		On exit  : 
		Unchanged: 
 Data sizes:     COMRAM   BANK0   BANK1   BANK2   BANK3   BANK4   BANK5
      Params:         0       0       0       0       0       0       0
      Locals:         0       0       0       0       0       0       0
      Temps:          0       0       0       0       0       0       0
      Totals:         0       0       0       0       0       0       0
Total ram usage:        0 bytes
 Hardware stack levels required when called:    4
 This function calls:
		_Lcd_Clear
		_Lcd_Init
		_Lcd_Set_Cursor
		_Lcd_Write_String
 This function is called by:
		Startup code after reset
 This function uses a non-reentrant model


 *************** function _Lcd_Write_String *****************
 Defined at:
		line 97 in file "lcd.h"
 Parameters:    Size  Location     Type
  a               2   18[COMRAM] PTR unsigned char 
		 -> STR_4(9), STR_3(12), STR_2(8), STR_1(15), 
 Auto vars:     Size  Location     Type
  i               2   22[COMRAM] int 
 Return value:  Size  Location     Type
                  1    wreg      void 
 Registers used:
		wreg, status,2, status,0, tblptrl, tblptrh, tblptru, cstack
 Tracked objects:
		On entry : 
		On exit  : 
		Unchanged: 
 Data sizes:     COMRAM   BANK0   BANK1   BANK2   BANK3   BANK4   BANK5
      Params:         2       0       0       0       0       0       0
      Locals:         2       0       0       0       0       0       0
      Temps:          2       0       0       0       0       0       0
      Totals:         6       0       0       0       0       0       0
Total ram usage:        6 bytes
 Hardware stack levels used:    1
 Hardware stack levels required when called:    3
 This function calls:
		_Lcd_Write_Char
 This function is called by:
		_main
 This function uses a non-reentrant model


 *************** function _Lcd_Write_Char *****************
 Defined at:
		line 81 in file "lcd.h"
 Parameters:    Size  Location     Type
  a               1    wreg     unsigned char 
 Auto vars:     Size  Location     Type
  a               1   17[COMRAM] unsigned char 
  y               1   16[COMRAM] unsigned char 
  temp            1   15[COMRAM] unsigned char 
 Return value:  Size  Location     Type
                  1    wreg      void 
 Registers used:
		wreg, status,2, status,0, cstack
 Tracked objects:
		On entry : 
		On exit  : 
		Unchanged: 
 Data sizes:     COMRAM   BANK0   BANK1   BANK2   BANK3   BANK4   BANK5
      Params:         0       0       0       0       0       0       0
      Locals:         3       0       0       0       0       0       0
      Temps:          0       0       0       0       0       0       0
      Totals:         3       0       0       0       0       0       0
Total ram usage:        3 bytes
 Hardware stack levels used:    1
 Hardware stack levels required when called:    2
 This function calls:
		_Lcd_Port
 This function is called by:
		_Lcd_Write_String
 This function uses a non-reentrant model


 *************** function _Lcd_Set_Cursor *****************
 Defined at:
		line 41 in file "lcd.h"
 Parameters:    Size  Location     Type
  a               1    wreg     unsigned char 
  b               1   17[COMRAM] unsigned char 
 Auto vars:     Size  Location     Type
  a               1   18[COMRAM] unsigned char 
  temp            1   21[COMRAM] unsigned char 
  y               1   20[COMRAM] unsigned char 
  z               1   19[COMRAM] unsigned char 
 Return value:  Size  Location     Type
                  1    wreg      void 
 Registers used:
		wreg, status,2, status,0, cstack
 Tracked objects:
		On entry : 
		On exit  : 
		Unchanged: 
 Data sizes:     COMRAM   BANK0   BANK1   BANK2   BANK3   BANK4   BANK5
      Params:         1       0       0       0       0       0       0
      Locals:         4       0       0       0       0       0       0
      Temps:          0       0       0       0       0       0       0
      Totals:         5       0       0       0       0       0       0
Total ram usage:        5 bytes
 Hardware stack levels used:    1
 Hardware stack levels required when called:    3
 This function calls:
		_Lcd_Cmd
 This function is called by:
		_main
 This function uses a non-reentrant model


 *************** function _Lcd_Init *****************
 Defined at:
		line 62 in file "lcd.h"
 Parameters:    Size  Location     Type
		None
 Auto vars:     Size  Location     Type
		None
 Return value:  Size  Location     Type
                  1    wreg      void 
 Registers used:
		wreg, status,2, cstack
 Tracked objects:
		On entry : 
		On exit  : 
		Unchanged: 
 Data sizes:     COMRAM   BANK0   BANK1   BANK2   BANK3   BANK4   BANK5
      Params:         0       0       0       0       0       0       0
      Locals:         0       0       0       0       0       0       0
      Temps:          1       0       0       0       0       0       0
      Totals:         1       0       0       0       0       0       0
Total ram usage:        1 bytes
 Hardware stack levels used:    1
 Hardware stack levels required when called:    3
 This function calls:
		_Lcd_Cmd
		_Lcd_Port
 This function is called by:
		_main
 This function uses a non-reentrant model


 *************** function _Lcd_Clear *****************
 Defined at:
		line 35 in file "lcd.h"
 Parameters:    Size  Location     Type
		None
 Auto vars:     Size  Location     Type
		None
 Return value:  Size  Location     Type
                  2   40[None  ] int 
 Registers used:
		wreg, status,2, cstack
 Tracked objects:
		On entry : 
		On exit  : 
		Unchanged: 
 Data sizes:     COMRAM   BANK0   BANK1   BANK2   BANK3   BANK4   BANK5
      Params:         0       0       0       0       0       0       0
      Locals:         0       0       0       0       0       0       0
      Temps:          0       0       0       0       0       0       0
      Totals:         0       0       0       0       0       0       0
Total ram usage:        0 bytes
 Hardware stack levels used:    1
 Hardware stack levels required when called:    3
 This function calls:
		_Lcd_Cmd
 This function is called by:
		_main
 This function uses a non-reentrant model


 *************** function _Lcd_Cmd *****************
 Defined at:
		line 26 in file "lcd.h"
 Parameters:    Size  Location     Type
  a               1    wreg     unsigned char 
 Auto vars:     Size  Location     Type
  a               1   16[COMRAM] unsigned char 
 Return value:  Size  Location     Type
                  1    wreg      void 
 Registers used:
		wreg, status,2, cstack
 Tracked objects:
		On entry : 
		On exit  : 
		Unchanged: 
 Data sizes:     COMRAM   BANK0   BANK1   BANK2   BANK3   BANK4   BANK5
      Params:         0       0       0       0       0       0       0
      Locals:         1       0       0       0       0       0       0
      Temps:          1       0       0       0       0       0       0
      Totals:         2       0       0       0       0       0       0
Total ram usage:        2 bytes
 Hardware stack levels used:    1
 Hardware stack levels required when called:    2
 This function calls:
		_Lcd_Port
 This function is called by:
		_Lcd_Clear
		_Lcd_Set_Cursor
		_Lcd_Init
		_Lcd_Shift_Right
		_Lcd_Shift_Left
 This function uses a non-reentrant model


 *************** function _Lcd_Port *****************
 Defined at:
		line 4 in file "lcd.h"
 Parameters:    Size  Location     Type
  a               1    wreg     unsigned char 
 Auto vars:     Size  Location     Type
  a               1   14[COMRAM] unsigned char 
 Return value:  Size  Location     Type
                  1    wreg      void 
 Registers used:
		wreg
 Tracked objects:
		On entry : 
		On exit  : 
		Unchanged: 
 Data sizes:     COMRAM   BANK0   BANK1   BANK2   BANK3   BANK4   BANK5
      Params:         0       0       0       0       0       0       0
      Locals:         1       0       0       0       0       0       0
      Temps:          0       0       0       0       0       0       0
      Totals:         1       0       0       0       0       0       0
Total ram usage:        1 bytes
 Hardware stack levels used:    1
 Hardware stack levels required when called:    1
 This function calls:
		Nothing
 This function is called by:
		_Lcd_Cmd
		_Lcd_Init
		_Lcd_Write_Char
 This function uses a non-reentrant model


 *************** function _isr *****************
 Defined at:
		line 26 in file "trabalho2.c"
 Parameters:    Size  Location     Type
		None
 Auto vars:     Size  Location     Type
		None
 Return value:  Size  Location     Type
                  1    wreg      void 
 Registers used:
		wreg, status,2
 Tracked objects:
		On entry : 
		On exit  : 
		Unchanged: 
 Data sizes:     COMRAM   BANK0   BANK1   BANK2   BANK3   BANK4   BANK5
      Params:         0       0       0       0       0       0       0
      Locals:         0       0       0       0       0       0       0
      Temps:         14       0       0       0       0       0       0
      Totals:        14       0       0       0       0       0       0
Total ram usage:       14 bytes
 Hardware stack levels used:    1
 This function calls:
		Nothing
 This function is called by:
		Interrupt level 2
 This function uses a non-reentrant model



MODULE INFORMATION

Module		Function		Class		Link	Load	Size
shared
		__initialization		CODE           	08D4	0000	3

shared estimated size: 3

lcd.h
		_Lcd_Write_String		CODE           	0806	0000	75
		_Lcd_Init      		CODE           	0746	0000	113
		_Lcd_Write_Char		CODE           	0850	0000	57
		_Lcd_Cmd       		CODE           	08B4	0000	33
		_Lcd_Set_Cursor		CODE           	07B6	0000	81
		_Lcd_Clear     		CODE           	08E8	0000	15
		_Lcd_Port      		CODE           	0888	0000	45

lcd.h estimated size: 419

trabalho2.c
		_main          		CODE           	062E	0000	141
		_isr           		CODE           	0008	0000	147

trabalho2.c estimated size: 288

